a:2:{s:7:"current";a:8:{s:4:"date";a:2:{s:7:"created";i:1437554590;s:8:"modified";i:1437554590;}s:7:"creator";s:14:"Jakub Křižka";s:4:"user";s:11:"jakubkrizka";s:11:"last_change";a:7:{s:4:"date";i:1437554590;s:2:"ip";s:14:"77.240.177.145";s:4:"type";s:1:"C";s:2:"id";s:18:"linux:ubuntu:200gb";s:4:"user";s:11:"jakubkrizka";s:3:"sum";s:10:"vytvořeno";s:5:"extra";s:0:"";}s:5:"title";s:5:"250GB";s:11:"description";a:2:{s:15:"tableofcontents";a:1:{i:0;a:4:{s:3:"hid";s:2:"gb";s:5:"title";s:5:"250GB";s:4:"type";s:2:"ul";s:5:"level";i:2;}}s:8:"abstract";s:503:"250GB


smartctl 6.2 2013-07-26 r3841 [i686-linux-3.13.0-34-generic] (local build)
Copyright (C) 2002-13, Bruce Allen, Christian Franke, www.smartmontools.org

=== START OF INFORMATION SECTION ===
Model Family:     Western Digital Caviar SE16 Serial ATA
Device Model:     WDC WD2500KS-00MJB0
Serial Number:    WD-WCANK5582466
Firmware Version: 02.01C03
User Capacity:    250 058 268 160 bytes [250 GB]
Sector Size:      512 bytes logical/physical
Device is:        In smartctl database [for details u…";}s:8:"internal";a:2:{s:5:"cache";b:1;s:3:"toc";b:1;}s:8:"relation";a:1:{s:10:"firstimage";s:0:"";}}s:10:"persistent";a:4:{s:4:"date";a:1:{s:7:"created";i:1437554590;}s:7:"creator";s:14:"Jakub Křižka";s:4:"user";s:11:"jakubkrizka";s:11:"last_change";a:7:{s:4:"date";i:1437554590;s:2:"ip";s:14:"77.240.177.145";s:4:"type";s:1:"C";s:2:"id";s:18:"linux:ubuntu:200gb";s:4:"user";s:11:"jakubkrizka";s:3:"sum";s:10:"vytvořeno";s:5:"extra";s:0:"";}}}